17:19:44 **** Build of configuration Debug for project mnist_cnn ****
make pre-build main-build 
a9-linaro-pre-build-step
 
Building file: ../src/Convolution.c
Invoking: ARM v7 gcc compiler
arm-none-eabi-gcc -Wall -O0 -g3 -c -fmessage-length=0 -MT"src/Convolution.o" -mcpu=cortex-a9 -mfpu=vfpv3 -mfloat-abi=hard -I../../mnist_cnn_bsp/ps7_cortexa9_0/include -MMD -MP -MF"src/Convolution.d" -MT"src/Convolution.o" -o "src/Convolution.o" "../src/Convolution.c"
Finished building: ../src/Convolution.c
 
Building file: ../src/Pool.c
Invoking: ARM v7 gcc compiler
arm-none-eabi-gcc -Wall -O0 -g3 -c -fmessage-length=0 -MT"src/Pool.o" -mcpu=cortex-a9 -mfpu=vfpv3 -mfloat-abi=hard -I../../mnist_cnn_bsp/ps7_cortexa9_0/include -MMD -MP -MF"src/Pool.d" -MT"src/Pool.o" -o "src/Pool.o" "../src/Pool.c"
Finished building: ../src/Pool.c
 
Building file: ../src/helloworld.c
Invoking: ARM v7 gcc compiler
arm-none-eabi-gcc -Wall -O0 -g3 -c -fmessage-length=0 -MT"src/helloworld.o" -mcpu=cortex-a9 -mfpu=vfpv3 -mfloat-abi=hard -I../../mnist_cnn_bsp/ps7_cortexa9_0/include -MMD -MP -MF"src/helloworld.d" -MT"src/helloworld.o" -o "src/helloworld.o" "../src/helloworld.c"
Finished building: ../src/helloworld.c
 
Building file: ../src/platform.c
Invoking: ARM v7 gcc compiler
arm-none-eabi-gcc -Wall -O0 -g3 -c -fmessage-length=0 -MT"src/platform.o" -mcpu=cortex-a9 -mfpu=vfpv3 -mfloat-abi=hard -I../../mnist_cnn_bsp/ps7_cortexa9_0/include -MMD -MP -MF"src/platform.d" -MT"src/platform.o" -o "src/platform.o" "../src/platform.c"
Finished building: ../src/platform.c
 
Building file: ../src/sd.c
Invoking: ARM v7 gcc compiler
arm-none-eabi-gcc -Wall -O0 -g3 -c -fmessage-length=0 -MT"src/sd.o" -mcpu=cortex-a9 -mfpu=vfpv3 -mfloat-abi=hard -I../../mnist_cnn_bsp/ps7_cortexa9_0/include -MMD -MP -MF"src/sd.d" -MT"src/sd.o" -o "src/sd.o" "../src/sd.c"
Finished building: ../src/sd.c
 
Building target: mnist_cnn.elf
Invoking: ARM v7 gcc linker
arm-none-eabi-gcc -mcpu=cortex-a9 -mfpu=vfpv3 -mfloat-abi=hard -Wl,-build-id=none -specs=Xilinx.spec -Wl,-T -Wl,../src/lscript.ld -L../../mnist_cnn_bsp/ps7_cortexa9_0/lib -o "mnist_cnn.elf"  ./src/Convolution.o ./src/Pool.o ./src/helloworld.o ./src/platform.o ./src/sd.o   -Wl,--start-group,-lxil,-lgcc,-lc,--end-group -Wl,--start-group,-lxilffs,-lxil,-lgcc,-lc,--end-group
Finished building target: mnist_cnn.elf
 
Invoking: ARM v7 Print Size
arm-none-eabi-size mnist_cnn.elf  |tee "mnist_cnn.elf.size"
   text	   data	    bss	    dec	    hex	filename
  61320	   1208	 949952	1012480	  f7300	mnist_cnn.elf
Finished building: mnist_cnn.elf.size
 
17:19:55 **** Incremental Build of configuration Debug for project mnist_cnn ****
make pre-build main-build 
a9-linaro-pre-build-step
 
make: Nothing to be done for `main-build'.
