

================================================================
== Vivado HLS Report for 'Conv'
================================================================
* Date:           Thu Aug 20 17:45:09 2020

* Version:        2018.2 (Build 2258646 on Thu Jun 14 20:25:20 MDT 2018)
* Project:        conv_core
* Solution:       solution1
* Product family: zynq
* Target device:  xc7z020clg400-1


================================================================
== Performance Estimates
================================================================
+ Timing (ns): 
    * Summary: 
    +--------+-------+----------+------------+
    |  Clock | Target| Estimated| Uncertainty|
    +--------+-------+----------+------------+
    |ap_clk  |  10.00|     8.750|        1.25|
    +--------+-------+----------+------------+

+ Latency (clock cycles): 
    * Summary: 
    +-----+-----+-----+-----+---------+
    |  Latency  |  Interval | Pipeline|
    | min | max | min | max |   Type  |
    +-----+-----+-----+-----+---------+
    |    ?|    ?|    ?|    ?|   none  |
    +-----+-----+-----+-----+---------+

    + Detail: 
        * Instance: 
        N/A

        * Loop: 
        +-----------------------------+-----+-------------+------------------+-----------+-----------+-----------+----------+
        |                             |      Latency      |     Iteration    |  Initiation Interval  |    Trip   |          |
        |          Loop Name          | min |     max     |      Latency     |  achieved |   target  |   Count   | Pipelined|
        +-----------------------------+-----+-------------+------------------+-----------+-----------+-----------+----------+
        |- Loop 1                     |    ?|            ?|                 ?|          -|          -| 0 ~ 65535 |    no    |
        | + Loop 1.1                  |    ?|            ?|                 ?|          -|          -|          ?|    no    |
        |  ++ Loop 1.1.1              |    ?|            ?| 21 ~ 80967115011 |          -|          -|          ?|    no    |
        |   +++ Loop 1.1.1.1          |    0|  80967114990|   3 ~ 317518098  |          -|          -|  0 ~ 255  |    no    |
        |    ++++ Loop 1.1.1.1.1      |    0|    317518095|    2 ~ 1245169   |          -|          -|  0 ~ 255  |    no    |
        |     +++++ Loop 1.1.1.1.1.1  |    0|      1245165|                19|          -|          -| 0 ~ 65535 |    no    |
        +-----------------------------+-----+-------------+------------------+-----------+-----------+-----------+----------+



================================================================
== Utilization Estimates
================================================================
* Summary: 
+-----------------+---------+-------+--------+-------+
|       Name      | BRAM_18K| DSP48E|   FF   |  LUT  |
+-----------------+---------+-------+--------+-------+
|DSP              |        -|      4|       -|      -|
|Expression       |        -|      9|       0|   1390|
|FIFO             |        -|      -|       -|      -|
|Instance         |        2|      5|    1750|   2314|
|Memory           |        -|      -|       -|      -|
|Multiplexer      |        -|      -|       -|    588|
|Register         |        -|      -|    1988|      -|
+-----------------+---------+-------+--------+-------+
|Total            |        2|     18|    3738|   4292|
+-----------------+---------+-------+--------+-------+
|Available        |      280|    220|  106400|  53200|
+-----------------+---------+-------+--------+-------+
|Utilization (%)  |    ~0   |      8|       3|      8|
+-----------------+---------+-------+--------+-------+

+ Detail: 
    * Instance: 
    +-------------------------+----------------------+---------+-------+-----+-----+
    |         Instance        |        Module        | BRAM_18K| DSP48E|  FF | LUT |
    +-------------------------+----------------------+---------+-------+-----+-----+
    |Conv_AXILiteS_s_axi_U    |Conv_AXILiteS_s_axi   |        0|      0|  346|  492|
    |Conv_fadd_32ns_32bkb_U1  |Conv_fadd_32ns_32bkb  |        0|      2|  205|  390|
    |Conv_fcmp_32ns_32dEe_U3  |Conv_fcmp_32ns_32dEe  |        0|      0|   66|  239|
    |Conv_fmul_32ns_32cud_U2  |Conv_fmul_32ns_32cud  |        0|      3|  143|  321|
    |Conv_gmem_m_axi_U        |Conv_gmem_m_axi       |        2|      0|  512|  580|
    |Conv_sdiv_19s_9nseOg_U4  |Conv_sdiv_19s_9nseOg  |        0|      0|  239|  146|
    |Conv_sdiv_19s_9nseOg_U5  |Conv_sdiv_19s_9nseOg  |        0|      0|  239|  146|
    +-------------------------+----------------------+---------+-------+-----+-----+
    |Total                    |                      |        2|      5| 1750| 2314|
    +-------------------------+----------------------+---------+-------+-----+-----+

    * DSP48: 
    +-------------------------+----------------------+--------------+
    |         Instance        |        Module        |  Expression  |
    +-------------------------+----------------------+--------------+
    |Conv_mac_muladd_1hbi_U9  |Conv_mac_muladd_1hbi  | i0 + i1 * i2 |
    |Conv_mul_mul_16nsfYi_U6  |Conv_mul_mul_16nsfYi  |    i0 * i1   |
    |Conv_mul_mul_16nsfYi_U8  |Conv_mul_mul_16nsfYi  |    i0 * i1   |
    |Conv_mul_mul_16nsg8j_U7  |Conv_mul_mul_16nsg8j  |    i0 * i1   |
    +-------------------------+----------------------+--------------+

    * Memory: 
    N/A

    * FIFO: 
    N/A

    * Expression: 
    +-----------------------------+----------+-------+---+----+------------+------------+
    |        Variable Name        | Operation| DSP48E| FF| LUT| Bitwidth P0| Bitwidth P1|
    +-----------------------------+----------+-------+---+----+------------+------------+
    |r_V_1_fu_876_p2              |     *    |      3|  0|  20|          32|          16|
    |r_V_9_fu_962_p2              |     *    |      3|  0|  20|          32|          16|
    |tmp1_fu_1044_p2              |     *    |      3|  0|  20|          32|          16|
    |W4_sum_fu_1106_p2            |     +    |      0|  0|  56|          49|          49|
    |Wout_V_fu_764_p2             |     +    |      0|  0|  23|           1|          16|
    |bias6_sum_fu_833_p2          |     +    |      0|  0|  38|          31|          31|
    |cin_fu_1054_p2               |     +    |      0|  0|  23|          16|           1|
    |cout_fu_819_p2               |     +    |      0|  0|  23|          16|           1|
    |feature_in2_sum9_fu_1069_p2  |     +    |      0|  0|  48|          48|          48|
    |feature_out8_sum_fu_1124_p2  |     +    |      0|  0|  56|          49|          49|
    |h_V_fu_927_p2                |     +    |      0|  0|  23|          16|          16|
    |i_fu_862_p2                  |     +    |      0|  0|  23|          16|           1|
    |ii_fu_917_p2                 |     +    |      0|  0|  15|           8|           1|
    |j_fu_896_p2                  |     +    |      0|  0|  23|          16|           1|
    |jj_fu_986_p2                 |     +    |      0|  0|  15|           8|           1|
    |next_mul1_fu_848_p2          |     +    |      0|  0|  23|          16|          16|
    |next_mul2_fu_881_p2          |     +    |      0|  0|  23|          16|          16|
    |next_mul3_fu_886_p2          |     +    |      0|  0|  39|          32|          32|
    |next_mul4_fu_907_p2          |     +    |      0|  0|  23|          16|          16|
    |next_mul5_fu_976_p2          |     +    |      0|  0|  31|          24|          24|
    |next_mul_fu_1084_p2          |     +    |      0|  0|  39|          32|          32|
    |r_V_14_fu_1064_p2            |     +    |      0|  0|  48|          48|          48|
    |r_V_1_tr_fu_586_p2           |     +    |      0|  0|  15|           2|           9|
    |r_V_3_fu_670_p2              |     +    |      0|  0|  24|          17|          17|
    |r_V_7_fu_716_p2              |     +    |      0|  0|  24|          17|          17|
    |r_V_tr_fu_528_p2             |     +    |      0|  0|  15|           2|           9|
    |tmp2_fu_1089_p2              |     +    |      0|  0|  39|          32|          32|
    |tmp3_fu_945_p2               |     +    |      0|  0|  39|          32|          32|
    |tmp_27_fu_954_p2             |     +    |      0|  0|  55|          48|          48|
    |tmp_34_fu_1098_p2            |     +    |      0|  0|  55|          48|          48|
    |tmp_7_fu_774_p2              |     +    |      0|  0|  23|           1|          16|
    |tmp_fu_1036_p2               |     +    |      0|  0|  39|          32|          32|
    |w_V_fu_996_p2                |     +    |      0|  0|  23|          16|          16|
    |p_neg4_fu_542_p2             |     -    |      0|  0|  15|           1|           9|
    |p_neg_fu_600_p2              |     -    |      0|  0|  15|           1|           9|
    |r_V_4_fu_683_p2              |     -    |      0|  0|  25|          18|          18|
    |r_V_8_fu_729_p2              |     -    |      0|  0|  25|          18|          18|
    |tmp_16_fu_626_p2             |     -    |      0|  0|  15|           1|           8|
    |tmp_20_fu_868_p2             |     -    |      0|  0|  23|          16|          16|
    |tmp_22_fu_902_p2             |     -    |      0|  0|  23|          16|          16|
    |tmp_6_fu_568_p2              |     -    |      0|  0|  15|           1|           8|
    |ap_block_state29_io          |    and   |      0|  0|   2|           1|           1|
    |or_cond_fu_1180_p2           |    and   |      0|  0|   2|           1|           1|
    |tmp_29_fu_1174_p2            |    and   |      0|  0|   2|           1|           1|
    |exitcond1_fu_814_p2          |   icmp   |      0|  0|  13|          16|          16|
    |exitcond2_fu_857_p2          |   icmp   |      0|  0|  13|          16|          16|
    |exitcond3_fu_912_p2          |   icmp   |      0|  0|  11|           8|           8|
    |exitcond4_fu_981_p2          |   icmp   |      0|  0|  11|           8|           8|
    |exitcond5_fu_1049_p2         |   icmp   |      0|  0|  13|          16|          16|
    |exitcond_fu_891_p2           |   icmp   |      0|  0|  13|          16|          16|
    |notlhs_fu_1156_p2            |   icmp   |      0|  0|  11|           8|           2|
    |notrhs_fu_1162_p2            |   icmp   |      0|  0|  18|          23|           1|
    |slt_fu_940_p2                |   icmp   |      0|  0|  18|          17|          17|
    |tmp_33_fu_1027_p2            |   icmp   |      0|  0|  18|          17|          17|
    |brmerge_fu_1014_p2           |    or    |      0|  0|   2|           1|           1|
    |tmp_25_fu_1168_p2            |    or    |      0|  0|   2|           1|           1|
    |tmp_31_fu_1001_p2            |    or    |      0|  0|  16|          16|          16|
    |p_1_fu_648_p3                |  select  |      0|  0|   8|           1|           8|
    |p_s_fu_640_p3                |  select  |      0|  0|   8|           1|           8|
    |pad_x_V_fu_574_p3            |  select  |      0|  0|   8|           1|           8|
    |pad_y_V_fu_632_p3            |  select  |      0|  0|   8|           1|           8|
    |sum_4_fu_1185_p3             |  select  |      0|  0|  32|           1|           1|
    |rev_fu_971_p2                |    xor   |      0|  0|   2|           1|           2|
    +-----------------------------+----------+-------+---+----+------------+------------+
    |Total                        |          |      9|  0|1390|        1045|         998|
    +-----------------------------+----------+-------+---+----+------------+------------+

    * Multiplexer: 
    +-----------------------------+-----+-----------+-----+-----------+
    |             Name            | LUT | Input Size| Bits| Total Bits|
    +-----------------------------+-----+-----------+-----+-----------+
    |ap_NS_fsm                    |  321|         72|    1|         72|
    |ap_sig_ioackin_gmem_ARREADY  |    9|          2|    1|          2|
    |ap_sig_ioackin_gmem_AWREADY  |    9|          2|    1|          2|
    |ap_sig_ioackin_gmem_WREADY   |    9|          2|    1|          2|
    |gmem_ARADDR                  |   21|          4|   32|        128|
    |gmem_blk_n_AR                |    9|          2|    1|          2|
    |gmem_blk_n_AW                |    9|          2|    1|          2|
    |gmem_blk_n_B                 |    9|          2|    1|          2|
    |gmem_blk_n_R                 |    9|          2|    1|          2|
    |gmem_blk_n_W                 |    9|          2|    1|          2|
    |grp_fu_469_p0                |   15|          3|   32|         96|
    |grp_fu_469_p1                |   15|          3|   32|         96|
    |i_op_assign_1_reg_317        |    9|          2|   16|         32|
    |i_op_assign_2_reg_363        |    9|          2|    8|         16|
    |i_op_assign_3_reg_398        |    9|          2|    8|         16|
    |i_op_assign_9_reg_295        |    9|          2|   16|         32|
    |i_op_assign_reg_431          |    9|          2|   16|         32|
    |i_op_assign_s_reg_284        |    9|          2|   16|         32|
    |phi_mul1_reg_306             |    9|          2|   16|         32|
    |phi_mul3_reg_340             |    9|          2|   16|         32|
    |r_V_15_reg_374               |    9|          2|   16|         32|
    |r_V_16_reg_409               |    9|          2|   24|         48|
    |r_V_17_reg_442               |    9|          2|   32|         64|
    |r_V_5_reg_328                |    9|          2|   32|         64|
    |sum_1_be_reg_453             |    9|          2|   32|         64|
    |sum_1_reg_386                |    9|          2|   32|         64|
    |sum_2_reg_420                |    9|          2|   32|         64|
    |sum_reg_351                  |    9|          2|   32|         64|
    +-----------------------------+-----+-----------+-----+-----------+
    |Total                        |  588|        130|  449|       1096|
    +-----------------------------+-----+-----------+-----+-----------+

    * Register: 
    +-----------------------------+----+----+-----+-----------+
    |             Name            | FF | LUT| Bits| Const Bits|
    +-----------------------------+----+----+-----+-----------+
    |CHin_V_read_reg_1261         |  16|   0|   16|          0|
    |CHout_V_read_reg_1243        |  16|   0|   16|          0|
    |Hin_V_read_reg_1256          |  16|   0|   16|          0|
    |Kx_V_read_reg_1236           |   8|   0|    8|          0|
    |Ky_V_read_reg_1230           |   8|   0|    8|          0|
    |Sx_V_read_reg_1224           |   8|   0|    8|          0|
    |Sy_V_read_reg_1218           |   8|   0|    8|          0|
    |Win_V_read_reg_1250          |  16|   0|   16|          0|
    |Wout_V_reg_1350              |  16|   0|   16|          0|
    |ap_CS_fsm                    |  71|   0|   71|          0|
    |ap_reg_ioackin_gmem_ARREADY  |   1|   0|    1|          0|
    |ap_reg_ioackin_gmem_AWREADY  |   1|   0|    1|          0|
    |ap_reg_ioackin_gmem_WREADY   |   1|   0|    1|          0|
    |cin_reg_1575                 |  16|   0|   16|          0|
    |cout_reg_1422                |  16|   0|   16|          0|
    |gmem_addr_1_reg_1622         |  32|   0|   32|          0|
    |gmem_addr_2_read_reg_1602    |  32|   0|   32|          0|
    |gmem_addr_2_reg_1580         |  32|   0|   32|          0|
    |gmem_addr_3_read_reg_1607    |  32|   0|   32|          0|
    |gmem_addr_3_reg_1596         |  32|   0|   32|          0|
    |gmem_addr_read_reg_1628      |  32|   0|   32|          0|
    |gmem_addr_reg_1433           |  31|   0|   32|          1|
    |h_V_reg_1503                 |  16|   0|   16|          0|
    |i_op_assign_1_reg_317        |  16|   0|   16|          0|
    |i_op_assign_2_reg_363        |   8|   0|    8|          0|
    |i_op_assign_3_reg_398        |   8|   0|    8|          0|
    |i_op_assign_9_reg_295        |  16|   0|   16|          0|
    |i_op_assign_reg_431          |  16|   0|   16|          0|
    |i_op_assign_s_reg_284        |  16|   0|   16|          0|
    |i_reg_1447                   |  16|   0|   16|          0|
    |ii_reg_1498                  |   8|   0|    8|          0|
    |j_reg_1480                   |  16|   0|   16|          0|
    |jj_reg_1546                  |   8|   0|    8|          0|
    |lhs_V_2_cast_reg_1300        |  16|   0|   17|          1|
    |lhs_V_4_cast_reg_1315        |  16|   0|   17|          1|
    |next_mul1_reg_1439           |  16|   0|   16|          0|
    |next_mul2_reg_1467           |  16|   0|   16|          0|
    |next_mul3_reg_1472           |  32|   0|   32|          0|
    |next_mul4_reg_1490           |  16|   0|   16|          0|
    |next_mul5_reg_1538           |  24|   0|   24|          0|
    |next_mul_reg_1586            |  32|   0|   32|          0|
    |p_1_reg_1294                 |   8|   0|    8|          0|
    |p_s_reg_1288                 |   8|   0|    8|          0|
    |phi_mul1_reg_306             |  16|   0|   16|          0|
    |phi_mul3_reg_340             |  16|   0|   16|          0|
    |r_V_10_reg_1528              |  32|   0|   32|          0|
    |r_V_12_reg_1557              |  48|   0|   48|          0|
    |r_V_13_reg_1508              |  32|   0|   32|          0|
    |r_V_15_reg_374               |  16|   0|   16|          0|
    |r_V_16_reg_409               |  24|   0|   24|          0|
    |r_V_17_reg_442               |  32|   0|   32|          0|
    |r_V_1_reg_1462               |  48|   0|   48|          0|
    |r_V_5_reg_328                |  32|   0|   32|          0|
    |r_V_9_reg_1523               |  48|   0|   48|          0|
    |r_V_reg_1457                 |  32|   0|   32|          0|
    |relu_en_V_read_reg_1213      |   1|   0|    1|          0|
    |rev_reg_1533                 |   1|   0|    1|          0|
    |rhs_V_10_cast_reg_1403       |  16|   0|   24|          8|
    |rhs_V_1_cast_reg_1392        |   8|   0|   16|          8|
    |rhs_V_1_reg_1387             |  16|   0|   48|         32|
    |rhs_V_6_cast_reg_1414        |  16|   0|   32|         16|
    |rhs_V_7_cast1_reg_1397       |  16|   0|   48|         32|
    |rhs_V_8_cast_reg_1408        |  16|   0|   32|         16|
    |rhs_V_reg_1380               |  16|   0|   32|         16|
    |slt_reg_1513                 |   1|   0|    1|          0|
    |sum_1_be_reg_453             |  32|   0|   32|          0|
    |sum_1_reg_386                |  32|   0|   32|          0|
    |sum_2_reg_420                |  32|   0|   32|          0|
    |sum_3_reg_1633               |  32|   0|   32|          0|
    |sum_4_reg_1640               |  32|   0|   32|          0|
    |sum_reg_351                  |  32|   0|   32|          0|
    |tmp1_reg_1567                |  48|   0|   48|          0|
    |tmp_10_reg_1370              |   8|   0|   16|          8|
    |tmp_11_reg_1375              |   8|   0|   16|          8|
    |tmp_13_cast_reg_1340         |  30|   0|   49|         19|
    |tmp_16_cast_reg_1345         |  30|   0|   48|         18|
    |tmp_17_cast_reg_1427         |  16|   0|   32|         16|
    |tmp_1_reg_1268               |  30|   0|   30|          0|
    |tmp_20_reg_1452              |  16|   0|   16|          0|
    |tmp_22_reg_1485              |  16|   0|   16|          0|
    |tmp_27_reg_1518              |  48|   0|   48|          0|
    |tmp_2_cast1_reg_1330         |  30|   0|   49|         19|
    |tmp_2_reg_1273               |  30|   0|   30|          0|
    |tmp_34_reg_1591              |  48|   0|   48|          0|
    |tmp_4_reg_1278               |  30|   0|   30|          0|
    |tmp_5_reg_1283               |  30|   0|   30|          0|
    |tmp_7_reg_1355               |  16|   0|   16|          0|
    |tmp_8_cast_reg_1335          |  30|   0|   31|          1|
    |tmp_9_reg_1360               |   8|   0|   16|          8|
    |tmp_reg_1562                 |  32|   0|   32|          0|
    |tmp_s_reg_1365               |   8|   0|   16|          8|
    |tp_reg_1612                  |  32|   0|   32|          0|
    +-----------------------------+----+----+-----+-----------+
    |Total                        |1988|   0| 2224|        236|
    +-----------------------------+----+----+-----+-----------+



================================================================
== Interface
================================================================
* Summary: 
+------------------------+-----+-----+------------+--------------+--------------+
|        RTL Ports       | Dir | Bits|  Protocol  | Source Object|    C Type    |
+------------------------+-----+-----+------------+--------------+--------------+
|s_axi_AXILiteS_AWVALID  |  in |    1|    s_axi   |   AXILiteS   |    scalar    |
|s_axi_AXILiteS_AWREADY  | out |    1|    s_axi   |   AXILiteS   |    scalar    |
|s_axi_AXILiteS_AWADDR   |  in |    7|    s_axi   |   AXILiteS   |    scalar    |
|s_axi_AXILiteS_WVALID   |  in |    1|    s_axi   |   AXILiteS   |    scalar    |
|s_axi_AXILiteS_WREADY   | out |    1|    s_axi   |   AXILiteS   |    scalar    |
|s_axi_AXILiteS_WDATA    |  in |   32|    s_axi   |   AXILiteS   |    scalar    |
|s_axi_AXILiteS_WSTRB    |  in |    4|    s_axi   |   AXILiteS   |    scalar    |
|s_axi_AXILiteS_ARVALID  |  in |    1|    s_axi   |   AXILiteS   |    scalar    |
|s_axi_AXILiteS_ARREADY  | out |    1|    s_axi   |   AXILiteS   |    scalar    |
|s_axi_AXILiteS_ARADDR   |  in |    7|    s_axi   |   AXILiteS   |    scalar    |
|s_axi_AXILiteS_RVALID   | out |    1|    s_axi   |   AXILiteS   |    scalar    |
|s_axi_AXILiteS_RREADY   |  in |    1|    s_axi   |   AXILiteS   |    scalar    |
|s_axi_AXILiteS_RDATA    | out |   32|    s_axi   |   AXILiteS   |    scalar    |
|s_axi_AXILiteS_RRESP    | out |    2|    s_axi   |   AXILiteS   |    scalar    |
|s_axi_AXILiteS_BVALID   | out |    1|    s_axi   |   AXILiteS   |    scalar    |
|s_axi_AXILiteS_BREADY   |  in |    1|    s_axi   |   AXILiteS   |    scalar    |
|s_axi_AXILiteS_BRESP    | out |    2|    s_axi   |   AXILiteS   |    scalar    |
|ap_clk                  |  in |    1| ap_ctrl_hs |     Conv     | return value |
|ap_rst_n                |  in |    1| ap_ctrl_hs |     Conv     | return value |
|interrupt               | out |    1| ap_ctrl_hs |     Conv     | return value |
|m_axi_gmem_AWVALID      | out |    1|    m_axi   |     gmem     |    pointer   |
|m_axi_gmem_AWREADY      |  in |    1|    m_axi   |     gmem     |    pointer   |
|m_axi_gmem_AWADDR       | out |   32|    m_axi   |     gmem     |    pointer   |
|m_axi_gmem_AWID         | out |    1|    m_axi   |     gmem     |    pointer   |
|m_axi_gmem_AWLEN        | out |    8|    m_axi   |     gmem     |    pointer   |
|m_axi_gmem_AWSIZE       | out |    3|    m_axi   |     gmem     |    pointer   |
|m_axi_gmem_AWBURST      | out |    2|    m_axi   |     gmem     |    pointer   |
|m_axi_gmem_AWLOCK       | out |    2|    m_axi   |     gmem     |    pointer   |
|m_axi_gmem_AWCACHE      | out |    4|    m_axi   |     gmem     |    pointer   |
|m_axi_gmem_AWPROT       | out |    3|    m_axi   |     gmem     |    pointer   |
|m_axi_gmem_AWQOS        | out |    4|    m_axi   |     gmem     |    pointer   |
|m_axi_gmem_AWREGION     | out |    4|    m_axi   |     gmem     |    pointer   |
|m_axi_gmem_AWUSER       | out |    1|    m_axi   |     gmem     |    pointer   |
|m_axi_gmem_WVALID       | out |    1|    m_axi   |     gmem     |    pointer   |
|m_axi_gmem_WREADY       |  in |    1|    m_axi   |     gmem     |    pointer   |
|m_axi_gmem_WDATA        | out |   32|    m_axi   |     gmem     |    pointer   |
|m_axi_gmem_WSTRB        | out |    4|    m_axi   |     gmem     |    pointer   |
|m_axi_gmem_WLAST        | out |    1|    m_axi   |     gmem     |    pointer   |
|m_axi_gmem_WID          | out |    1|    m_axi   |     gmem     |    pointer   |
|m_axi_gmem_WUSER        | out |    1|    m_axi   |     gmem     |    pointer   |
|m_axi_gmem_ARVALID      | out |    1|    m_axi   |     gmem     |    pointer   |
|m_axi_gmem_ARREADY      |  in |    1|    m_axi   |     gmem     |    pointer   |
|m_axi_gmem_ARADDR       | out |   32|    m_axi   |     gmem     |    pointer   |
|m_axi_gmem_ARID         | out |    1|    m_axi   |     gmem     |    pointer   |
|m_axi_gmem_ARLEN        | out |    8|    m_axi   |     gmem     |    pointer   |
|m_axi_gmem_ARSIZE       | out |    3|    m_axi   |     gmem     |    pointer   |
|m_axi_gmem_ARBURST      | out |    2|    m_axi   |     gmem     |    pointer   |
|m_axi_gmem_ARLOCK       | out |    2|    m_axi   |     gmem     |    pointer   |
|m_axi_gmem_ARCACHE      | out |    4|    m_axi   |     gmem     |    pointer   |
|m_axi_gmem_ARPROT       | out |    3|    m_axi   |     gmem     |    pointer   |
|m_axi_gmem_ARQOS        | out |    4|    m_axi   |     gmem     |    pointer   |
|m_axi_gmem_ARREGION     | out |    4|    m_axi   |     gmem     |    pointer   |
|m_axi_gmem_ARUSER       | out |    1|    m_axi   |     gmem     |    pointer   |
|m_axi_gmem_RVALID       |  in |    1|    m_axi   |     gmem     |    pointer   |
|m_axi_gmem_RREADY       | out |    1|    m_axi   |     gmem     |    pointer   |
|m_axi_gmem_RDATA        |  in |   32|    m_axi   |     gmem     |    pointer   |
|m_axi_gmem_RLAST        |  in |    1|    m_axi   |     gmem     |    pointer   |
|m_axi_gmem_RID          |  in |    1|    m_axi   |     gmem     |    pointer   |
|m_axi_gmem_RUSER        |  in |    1|    m_axi   |     gmem     |    pointer   |
|m_axi_gmem_RRESP        |  in |    2|    m_axi   |     gmem     |    pointer   |
|m_axi_gmem_BVALID       |  in |    1|    m_axi   |     gmem     |    pointer   |
|m_axi_gmem_BREADY       | out |    1|    m_axi   |     gmem     |    pointer   |
|m_axi_gmem_BRESP        |  in |    2|    m_axi   |     gmem     |    pointer   |
|m_axi_gmem_BID          |  in |    1|    m_axi   |     gmem     |    pointer   |
|m_axi_gmem_BUSER        |  in |    1|    m_axi   |     gmem     |    pointer   |
+------------------------+-----+-----+------------+--------------+--------------+

